============================= test session starts =============================
platform win32 -- Python 3.11.14, pytest-9.0.2, pluggy-1.6.0 -- D:\IstanbulTrafikAlerter\backend\.venv\Scripts\python.exe
cachedir: .pytest_cache
rootdir: D:\IstanbulTrafikAlerter\backend
configfile: pyproject.toml
plugins: anyio-4.12.1, asyncio-1.3.0
asyncio: mode=Mode.AUTO, debug=False, asyncio_default_fixture_loop_scope=None, asyncio_default_test_loop_scope=function
collecting ... collected 18 items / 1 error

=================================== ERRORS ====================================
_________________ ERROR collecting tests/test_predictions.py __________________
ImportError while importing test module 'D:\IstanbulTrafikAlerter\backend\tests\test_predictions.py'.
Hint: make sure your test modules/packages have valid Python names.
Traceback:
C:\Users\kaany\AppData\Roaming\uv\python\cpython-3.11-windows-x86_64-none\Lib\importlib\__init__.py:126: in import_module
    return _bootstrap._gcd_import(name[level:], package, level)
           ^^^^^^^^^^^^^^^^^^^^^^^^^^^^^^^^^^^^^^^^^^^^^^^^^^^^
tests\test_predictions.py:4: in <module>
    import pandas as pd
E   ModuleNotFoundError: No module named 'pandas'
============================== warnings summary ===============================
app\services\ibb_traffic_service.py:30
  D:\IstanbulTrafikAlerter\backend\app\services\ibb_traffic_service.py:30: PydanticDeprecatedSince20: Support for class-based `config` is deprecated, use ConfigDict instead. Deprecated in Pydantic V2.0 to be removed in V3.0. See Pydantic V2 Migration Guide at https://errors.pydantic.dev/2.12/migration/
    class TrafficZone(BaseModel):

-- Docs: https://docs.pytest.org/en/stable/how-to/capture-warnings.html
=========================== short test summary info ===========================
ERROR tests/test_predictions.py
!!!!!!!!!!!!!!!!!!! Interrupted: 1 error during collection !!!!!!!!!!!!!!!!!!!!
========================= 1 warning, 1 error in 0.27s =========================
